.\gradlew.bat : WARNING: A restricted method in 
java.lang.System has been called
At line:1 char:1
+ .\gradlew.bat :app:assembleRelease 
--console=plain > build_output.txt ...
+ ~~~~~~~~~~~~~~~~~~~~~~~~~~~~~~~~~~~~~~~~~~~~~~~~~
~~~~~~~~~~~~~~~~~~~~
    + CategoryInfo          : NotSpecified: (WARNI 
   NG: A rest...has been called:String) [], Remot  
  eException
    + FullyQualifiedErrorId : NativeCommandError
 
WARNING: java.lang.System::load has been called by 
net.rubygrapefruit.platform.internal.NativeLibraryL
oader in an unnamed module (file:/C:/Users/parth/.g
radle/wrapper/dists/gradle-9.0.0-bin/d6wjpkvcgsg3oe
d0qlfss3wgl/gradle-9.0.0/lib/native-platform-0.22-m
ilestone-28.jar)
WARNING: Use --enable-native-access=ALL-UNNAMED to 
avoid a warning for callers in this module
WARNING: Restricted methods will be blocked in a 
future release unless native access is enabled

> Task :app:preBuild UP-TO-DATE
> Task :app:preReleaseBuild UP-TO-DATE
> Task :app:mergeReleaseJniLibFolders UP-TO-DATE
> Task :smartads:preBuild UP-TO-DATE
> Task :smartads:preReleaseBuild UP-TO-DATE
> Task :smartads:mergeReleaseJniLibFolders UP-TO-DATE
> Task :smartads:mergeReleaseNativeLibs NO-SOURCE
> Task :smartads:copyReleaseJniLibsProjectOnly UP-TO-DATE
> Task :app:mergeReleaseNativeLibs NO-SOURCE
> Task :app:stripReleaseDebugSymbols NO-SOURCE
> Task :app:extractReleaseNativeSymbolTables NO-SOURCE
> Task :app:mergeReleaseNativeDebugMetadata NO-SOURCE
> Task :smartads:generateReleaseResValues UP-TO-DATE
> Task :smartads:generateReleaseResources UP-TO-DATE
> Task :smartads:packageReleaseResources UP-TO-DATE
> Task :smartads:parseReleaseLocalResources UP-TO-DATE
> Task :smartads:generateReleaseRFile UP-TO-DATE
> Task :smartads:javaPreCompileRelease UP-TO-DATE
> Task :smartads:compileReleaseJavaWithJavac UP-TO-DATE
> Task :smartads:extractProguardFiles UP-TO-DATE
> Task :smartads:processReleaseManifest UP-TO-DATE
> Task :smartads:generateReleaseLibraryProguardRules UP-TO-DATE
> Task :smartads:mergeReleaseGeneratedProguardFiles UP-TO-DATE
> Task :smartads:processReleaseJavaRes NO-SOURCE
> Task :smartads:mergeReleaseJavaResource UP-TO-DATE
> Task :smartads:minifyReleaseWithR8 UP-TO-DATE
> Task :app:checkReleaseDuplicateClasses UP-TO-DATE
> Task :app:javaPreCompileRelease UP-TO-DATE
> Task :smartads:writeReleaseAarMetadata UP-TO-DATE
> Task :app:checkReleaseAarMetadata UP-TO-DATE
> Task :app:generateReleaseResValues UP-TO-DATE
> Task :app:mapReleaseSourceSetPaths UP-TO-DATE
> Task :app:generateReleaseResources UP-TO-DATE
> Task :app:mergeReleaseResources UP-TO-DATE
> Task :app:packageReleaseResources UP-TO-DATE
> Task :app:parseReleaseLocalResources UP-TO-DATE
> Task :app:createReleaseCompatibleScreenManifests UP-TO-DATE
> Task :app:extractDeepLinksRelease UP-TO-DATE
> Task :smartads:extractDeepLinksRelease UP-TO-DATE
> Task :app:processReleaseMainManifest UP-TO-DATE
> Task :app:processReleaseManifest UP-TO-DATE
> Task :app:processReleaseManifestForPackage UP-TO-DATE
> Task :smartads:compileReleaseLibraryResources UP-TO-DATE
> Task :app:processReleaseResources UP-TO-DATE
> Task :smartads:bundleLibCompileToJarRelease UP-TO-DATE
> Task :smartads:bundleLibRuntimeToJarRelease

> Task :app:compileReleaseJavaWithJavac FAILED
D:\DatamatrixLab\SmartAds\app\src\main\java\com\par
tharoypc\smartads\demo\MainActivity.java:164: 
error: cannot find symbol
            
SmartAds.getInstance().verifyMediation(this);
                                  ^
  symbol:   method verifyMediation(MainActivity)
  location: class SmartAds
D:\DatamatrixLab\SmartAds\app\src\main\java\com\par
tharoypc\smartads\demo\MainActivity.java:168: 
error: cannot find symbol
            SmartAds.getInstance().openMediationTes
tSuite(this);
                                  ^
  symbol:   method 
openMediationTestSuite(MainActivity)
  location: class SmartAds
D:\DatamatrixLab\SmartAds\app\src\main\java\com\par
tharoypc\smartads\demo\MainActivity.java:204: 
error: cannot find symbol
            
SmartAds.getInstance().verifyMediation(this);
                                  ^
  symbol:   method verifyMediation(MainActivity)
  location: class SmartAds
3 errors

[Incubating] Problems report is available at: file:///D:/DatamatrixLab/SmartAds/build/reports/problems/problems-report.html

FAILURE: Build failed with an exception.

* What went wrong:
Execution failed for task 
':app:compileReleaseJavaWithJavac'.
> Compilation failed; see the compiler output 
below.
  D:\DatamatrixLab\SmartAds\app\src\main\java\com\p
artharoypc\smartads\demo\MainActivity.java:164: 
error: cannot find symbol
              
SmartAds.getInstance().verifyMediation(this);
                                    ^
    symbol:   method verifyMediation(MainActivity)
    location: class SmartAds
  D:\DatamatrixLab\SmartAds\app\src\main\java\com\p
artharoypc\smartads\demo\MainActivity.java:168: 
error: cannot find symbol
              SmartAds.getInstance().openMediationT
estSuite(this);
                                    ^
    symbol:   method 
openMediationTestSuite(MainActivity)
    location: class SmartAds
  D:\DatamatrixLab\SmartAds\app\src\main\java\com\p
artharoypc\smartads\demo\MainActivity.java:204: 
error: cannot find symbol
              
SmartAds.getInstance().verifyMediation(this);
                                    ^
    symbol:   method verifyMediation(MainActivity)
    location: class SmartAds
  3 errors

* Try:
> Check your code and dependencies to fix the 
compilation error(s)
> Run with --scan to generate a Build Scan 
(Powered by Develocity).

BUILD FAILED in 1s
37 actionable tasks: 2 executed, 35 up-to-date
